[    1019ms] [ERROR] Failed to load resource: the server responded with a status of 403 () @ https://www.figma.com/design/btkExuQscwEmcEJ3DxgDL5/Untitled?node-id=1180-23:0
[    1200ms] [LOG] Running frontend commit 1897719d95cc2f47afa787fedf48a608e5b9b9e1 @ https://www.figma.com/design/btkExuQscwEmcEJ3DxgDL5/Untitled?node-id=1180-23:497
[   25750ms] [LOG] Running frontend commit 1897719d95cc2f47afa787fedf48a608e5b9b9e1 @ https://www.figma.com/design/btkExuQscwEmcEJ3DxgDL5/Untitled?node-id=1180-23&fuid=1519747642281363848:681
[   28208ms] [WARNING] Statsig is not ready to log exposures, will retry in 1 seconds @ https://www.figma.com/webpack-artifacts/assets/vendor-ea1cbf715834b825.min.js.br:131
[   28212ms] [ERROR] Failed to load resource: the server responded with a status of 403 (Forbidden) @ https://browser-intake-datadoghq.com/api/v2/rum:0
[   28282ms] [LOG] Loaded 234 scripts (13592019b), 75 from cache (2735696b) @ https://www.figma.com/webpack-artifacts/assets/vendor-ea1cbf715834b825.min.js.br:131
[   28469ms] [INFO] Autosave Changes not available or already claimed by another tab undefined @ https://www.figma.com/webpack-artifacts/assets/vendor-ea1cbf715834b825.min.js.br:131
[   28486ms] [LOG] [import] git: aa679d856160d01eba28d187043dfe86bc118b62, stamp: ED8B4E4E3A3D2BDB @ https://www.figma.com/webpack-artifacts/assets/vendor-ea1cbf715834b825.min.js.br:131
[   29046ms] [INFO] [Fullscreen] Booting... (emscripten version 4.0.21) @ https://www.figma.com/webpack-artifacts/assets/vendor-ea1cbf715834b825.min.js.br:131
[   29267ms] [INFO] [GPU] graphicsAPI:"WebGL 2", vendor:"Google Inc. (Intel)", renderer:"ANGLE (Intel, Mesa Intel(R) Graphics (RPL-P), OpenGL ES 3.2)" version:"OpenGL ES 3.0 (WebGL 2.0 (OpenGL ES 3.0 Chromium))" @ https://www.figma.com/webpack-artifacts/assets/vendor-ea1cbf715834b825.min.js.br:131
[   29272ms] [LOG] [Fullscreen] Ready in 392.0ms @ https://www.figma.com/webpack-artifacts/assets/vendor-ea1cbf715834b825.min.js.br:131
[   29277ms] [INFO] WebGPU is experimental on this platform. See https://github.com/gpuweb/gpuweb/wiki/Implementation-Status#implementation-status @ https://www.figma.com/webpack-artifacts/assets/1906-efdcdb6e9a6425b4.min.js.br:28
[   29278ms] [WARNING] Failed to create WebGPU Context Provider @ https://www.figma.com/webpack-artifacts/assets/1906-efdcdb6e9a6425b4.min.js.br:28
[   29284ms] [INFO] WebGPU is experimental on this platform. See https://github.com/gpuweb/gpuweb/wiki/Implementation-Status#implementation-status @ https://www.figma.com/webpack-artifacts/assets/1906-efdcdb6e9a6425b4.min.js.br:28
[   29285ms] [WARNING] Failed to create WebGPU Context Provider @ https://www.figma.com/webpack-artifacts/assets/1906-efdcdb6e9a6425b4.min.js.br:28
[   29403ms] [INFO] WebGPU is experimental on this platform. See https://github.com/gpuweb/gpuweb/wiki/Implementation-Status#implementation-status @ https://www.figma.com/webpack-artifacts/assets/1906-efdcdb6e9a6425b4.min.js.br:28
[   29405ms] [WARNING] Failed to create WebGPU Context Provider @ https://www.figma.com/webpack-artifacts/assets/1906-efdcdb6e9a6425b4.min.js.br:28
[   29419ms] [INFO] [FullscreenApp] calling setEditorTheme and setting preference light @ https://www.figma.com/webpack-artifacts/assets/vendor-ea1cbf715834b825.min.js.br:131
[   29462ms] [INFO] [MultiplayerSession] connecting to wss://www.figma.com/api/multiplayer/btkExuQscwEmcEJ3DxgDL5?role=editor&tracking_session_id=eN3t6MDzqXWpUhix&version=237&recentReload=0&file-load-streaming-compression=&scenegraph-queries-initial-nodes=1180%3A23&user-id=1519747642281363848&client_release=1897719d95cc2f47afa787fedf48a608e5b9b9e1&force-dpl-journaled-reconnect=1 @ https://www.figma.com/webpack-artifacts/assets/vendor-ea1cbf715834b825.min.js.br:131
[   29475ms] [INFO] [FullscreenApp] calling setEditorTheme and setting preference light @ https://www.figma.com/webpack-artifacts/assets/vendor-ea1cbf715834b825.min.js.br:131
[   29507ms] [INFO] [MultiplayerSession] Joining file version 106 (initial load) @ https://www.figma.com/webpack-artifacts/assets/vendor-ea1cbf715834b825.min.js.br:131
[   31199ms] [WARNING] Canvas2D: Multiple readback operations using getImageData are faster with the willReadFrequently attribute set to true. See: https://html.spec.whatwg.org/multipage/canvas.html#concept-canvas-will-read-frequently @ https://static.figma.com/fullscreen/1b911190cbc74f2d1976410198a4d2bf41f9aba2/fullscreen-wasm/compiled_wasm.js.br:1
[   31236ms] [WARNING] Canvas2D: Multiple readback operations using getImageData are faster with the willReadFrequently attribute set to true. See: https://html.spec.whatwg.org/multipage/canvas.html#concept-canvas-will-read-frequently @ https://static.figma.com/fullscreen/1b911190cbc74f2d1976410198a4d2bf41f9aba2/fullscreen-wasm/compiled_wasm.js.br:1
[   31247ms] [INFO] WebGPU is experimental on this platform. See https://github.com/gpuweb/gpuweb/wiki/Implementation-Status#implementation-status @ https://www.figma.com/webpack-artifacts/assets/1025-0f74caa58974c073.min.js.br:191
[   31248ms] [WARNING] Failed to create WebGPU Context Provider @ https://www.figma.com/webpack-artifacts/assets/1025-0f74caa58974c073.min.js.br:191
[   31272ms] [INFO] afterJoinEnd PageSyncing: Loaded incrementally {loaded_pages: 0:1} @ https://www.figma.com/webpack-artifacts/assets/vendor-ea1cbf715834b825.min.js.br:131
[   31488ms] [ERROR] Access to image at 'https://www.gravatar.com/avatar/f87c14da9de7413151d3a4632288caf9?size=240&default=https%3A%2F%2Fs3-alpha.figma.com%2Fstatic%2Fuser_0.png?c=1' from origin 'https://www.figma.com' has been blocked by CORS policy: No 'Access-Control-Allow-Origin' header is present on the requested resource. @ https://www.figma.com/design/btkExuQscwEmcEJ3DxgDL5/Untitled?t=RhD8j0RdrsS9f2vc-0:0
[   31488ms] [ERROR] Failed to load resource: net::ERR_FAILED @ https://www.gravatar.com/avatar/f87c14da9de7413151d3a4632288caf9?size=240&default=https%3A%2F%2Fs3-alpha.figma.com%2Fstatic%2Fuser_0.png?c=1:0
[   33479ms] [LOG] [Fullscreen] loadtime=7.41s maxmem=19209860 @ https://www.figma.com/webpack-artifacts/assets/vendor-ea1cbf715834b825.min.js.br:131
